<?xml version="1.0" encoding="UTF-8"?>
<TestRun id="1a66b759-9c7b-48f4-810c-c3ea5844abb2" name="Miguel@SCHOOLPC 2015-01-09 19:35:51" runUser="SCHOOLPC\Miguel" xmlns="http://microsoft.com/schemas/VisualStudio/TeamTest/2010">
  <TestSettings name="Default Test Settings" id="5a6d335c-677d-4031-97db-aca52c509acf">
    <Deployment runDeploymentRoot="Miguel_SCHOOLPC 2015-01-09 19_35_51">
      <DeploymentItem filename="C:\Users\Miguel\Desktop\SEAssignment\TradersMarket\DataAccess\bin\Debug\DataAccess.dll" />
      <DeploymentItem filename="C:\Users\Miguel\Desktop\SEAssignment\TradersMarket\Common\bin\Debug\Common.dll" />
      <DeploymentItem filename="C:\Users\Miguel\Desktop\SEAssignment\TradersMarket\TradersMarket\bin\TradersMarket.dll" />
    </Deployment>
    <Execution>
      <TestTypeSpecific />
      <AgentRule name="Execution Agents">
      </AgentRule>
    </Execution>
  </TestSettings>
  <Times creation="2015-01-09T19:35:51.9168613+01:00" queuing="2015-01-09T19:35:52.8856582+01:00" start="2015-01-09T19:35:52.9794111+01:00" finish="2015-01-09T19:37:23.1667452+01:00" />
  <ResultSummary outcome="Failed">
    <Counters total="1" executed="1" error="0" failed="1" timeout="0" aborted="0" inconclusive="0" passedButRunAborted="0" notRunnable="0" notExecuted="0" disconnected="0" warning="0" passed="0" completed="0" inProgress="0" pending="0" />
  </ResultSummary>
  <TestDefinitions>
    <UnitTest name="UpdateRoleWith49CharacterTest" storage="c:\users\miguel\desktop\seassignment\tradersmarket\tradersmarket.tests\bin\debug\tradersmarket.tests.dll" id="4342b92b-20d3-5010-53b5-de0208049b34">
      <Execution id="68dcbf73-1c4a-41ba-899b-483256ea2bd8" />
      <TestMethod codeBase="C:/Users/Miguel/Desktop/SEAssignment/TradersMarket/TradersMarket.Tests/bin/Debug/TradersMarket.Tests.DLL" adapterTypeName="Microsoft.VisualStudio.TestTools.TestTypes.Unit.UnitTestAdapter, Microsoft.VisualStudio.QualityTools.Tips.UnitTest.Adapter, Version=10.0.0.0, Culture=neutral, PublicKeyToken=b03f5f7f11d50a3a" className="TradersMarket.Tests.RoleRepositoryTest, TradersMarket.Tests, Version=1.0.0.0, Culture=neutral, PublicKeyToken=null" name="UpdateRoleWith49CharacterTest" />
    </UnitTest>
  </TestDefinitions>
  <TestLists>
    <TestList name="Results Not in a List" id="8c84fa94-04c1-424b-9868-57a2d4851a1d" />
    <TestList name="All Loaded Results" id="19431567-8539-422a-85d7-44ee4e166bda" />
  </TestLists>
  <TestEntries>
    <TestEntry testId="4342b92b-20d3-5010-53b5-de0208049b34" executionId="68dcbf73-1c4a-41ba-899b-483256ea2bd8" testListId="8c84fa94-04c1-424b-9868-57a2d4851a1d" />
  </TestEntries>
  <Results>
    <UnitTestResult executionId="68dcbf73-1c4a-41ba-899b-483256ea2bd8" testId="4342b92b-20d3-5010-53b5-de0208049b34" testName="UpdateRoleWith49CharacterTest" computerName="SCHOOLPC" duration="00:01:27.7679835" startTime="2015-01-09T19:35:53.0575396+01:00" endTime="2015-01-09T19:37:21.4107931+01:00" testType="13cdc9d9-ddb5-4fa4-a97d-d965ccfc6d4b" outcome="Failed" testListId="8c84fa94-04c1-424b-9868-57a2d4851a1d" relativeResultsDirectory="68dcbf73-1c4a-41ba-899b-483256ea2bd8">
      <Output>
        <ErrorInfo>
          <Message>Assert.AreNotEqual failed. Expected any value except:&lt;Buyer&gt;. Actual:&lt;Buyer&gt;. 1 or more items do not match</Message>
          <StackTrace>   at TradersMarket.Tests.RoleRepositoryTest.AreListsEqualName(List`1 expected, List`1 actual) in C:\Users\Miguel\Desktop\SEAssignment\TradersMarket\TradersMarket.Tests\RoleRepositoryTest.cs:line 375
   at TradersMarket.Tests.RoleRepositoryTest.UpdateRoleWith49CharacterTest() in C:\Users\Miguel\Desktop\SEAssignment\TradersMarket\TradersMarket.Tests\RoleRepositoryTest.cs:line 302
</StackTrace>
        </ErrorInfo>
      </Output>
    </UnitTestResult>
  </Results>
</TestRun>